[0m13:34:54.153850 [debug] [MainThread]: Sending event: {'category': 'dbt', 'action': 'invocation', 'label': 'start', 'context': [<snowplow_tracker.self_describing_json.SelfDescribingJson object at 0x000002C64DE460F0>, <snowplow_tracker.self_describing_json.SelfDescribingJson object at 0x000002C651EA6390>, <snowplow_tracker.self_describing_json.SelfDescribingJson object at 0x000002C64DE93C50>]}


============================== 13:34:54.337900 | 942eb884-10a9-4456-abe5-adfa8d197532 ==============================
[0m13:34:54.337900 [info ] [MainThread]: Running with dbt=1.11.11
[0m13:34:54.337900 [debug] [MainThread]: running dbt with arguments {'version_check': 'True', 'no_print': 'None', 'static_parser': 'True', 'warn_error_options': 'WarnErrorOptionsV2(error=[], warn=[], silence=[])', 'target_path': 'None', 'printer_width': '80', 'write_json': 'True', 'introspect': 'True', 'log_cache_events': 'False', 'empty': 'None', 'cache_selected_only': 'False', 'fail_fast': 'False', 'debug': 'False', 'log_format': 'default', 'profiles_dir': 'C:\\Users\\HP\\.dbt', 'send_anonymous_usage_stats': 'True', 'quiet': 'False', 'warn_error': 'None', 'partial_parse': 'True', 'use_colors': 'True', 'indirect_selection': 'eager', 'invocation_command': 'dbt init', 'use_experimental_parser': 'False', 'log_path': 'logs'}
[0m13:35:28.111037 [debug] [MainThread]: Starter project path: D:\aws_dbt_snowflake\.venv\Lib\site-packages\dbt\include\starter_project
[0m13:35:28.145044 [info ] [MainThread]: 
Your new dbt project "aws_dbt_snowflake_project" was created!

For more information on how to configure the profiles.yml file,
please consult the dbt documentation here:

  https://docs.getdbt.com/docs/configure-your-profile

One more thing:

Need help? Don't hesitate to reach out to us via GitHub issues or on Slack:

  https://community.getdbt.com/

Happy modeling!

[0m13:35:28.146047 [info ] [MainThread]: Setting up your profile.
[0m13:36:17.012191 [debug] [MainThread]: Snowflake adapter: Setting snowflake.connector to ERROR (file logging only)
[0m13:36:17.012191 [debug] [MainThread]: Snowflake adapter: Setting botocore to ERROR (file logging only)
[0m13:36:17.026273 [debug] [MainThread]: Snowflake adapter: Setting boto3 to ERROR (file logging only)
[0m13:38:15.637967 [info ] [MainThread]: Profile aws_dbt_snowflake_project written to C:\Users\HP\.dbt\profiles.yml using target's profile_template.yml and your supplied values. Run 'dbt debug' to validate the connection.
[0m13:38:15.637967 [debug] [MainThread]: Command `dbt init` succeeded at 13:38:15.637967 after 201.62 seconds
[0m13:38:15.637967 [debug] [MainThread]: Sending event: {'category': 'dbt', 'action': 'invocation', 'label': 'end', 'context': [<snowplow_tracker.self_describing_json.SelfDescribingJson object at 0x000002C6522408F0>, <snowplow_tracker.self_describing_json.SelfDescribingJson object at 0x000002C654317380>, <snowplow_tracker.self_describing_json.SelfDescribingJson object at 0x000002C652921C70>]}
[0m13:38:15.637967 [debug] [MainThread]: Flushing usage events
[0m13:38:17.334980 [debug] [MainThread]: An error was encountered while trying to flush usage events
[0m22:31:54.570380 [debug] [MainThread]: Sending event: {'category': 'dbt', 'action': 'invocation', 'label': 'start', 'context': [<snowplow_tracker.self_describing_json.SelfDescribingJson object at 0x000001BBB5814F20>, <snowplow_tracker.self_describing_json.SelfDescribingJson object at 0x000001BBB2DCAF00>, <snowplow_tracker.self_describing_json.SelfDescribingJson object at 0x000001BBB55F9730>]}


============================== 22:31:54.574699 | 87d82c1e-9d92-4a9b-ac08-d3523af100a1 ==============================
[0m22:31:54.574699 [info ] [MainThread]: Running with dbt=1.11.11
[0m22:31:54.574699 [debug] [MainThread]: running dbt with arguments {'static_parser': 'True', 'no_print': 'None', 'version_check': 'True', 'warn_error_options': 'WarnErrorOptionsV2(error=[], warn=[], silence=[])', 'target_path': 'None', 'printer_width': '80', 'write_json': 'True', 'introspect': 'True', 'log_cache_events': 'False', 'empty': 'False', 'cache_selected_only': 'False', 'fail_fast': 'False', 'debug': 'False', 'log_format': 'default', 'profiles_dir': 'C:\\Users\\HP\\.dbt', 'send_anonymous_usage_stats': 'True', 'quiet': 'False', 'warn_error': 'None', 'partial_parse': 'True', 'indirect_selection': 'eager', 'use_colors': 'True', 'invocation_command': 'dbt run', 'use_experimental_parser': 'False', 'log_path': 'logs'}
[0m22:31:54.575680 [error] [MainThread]: Encountered an error:
Runtime Error
  No dbt_project.yml found at expected path D:\aws_dbt_snowflake\dbt_project.yml
  Verify that each entry within packages.yml (and their transitive dependencies) contains a file named dbt_project.yml
  
[0m22:31:54.576567 [debug] [MainThread]: Command `dbt run` failed at 22:31:54.576567 after 0.14 seconds
[0m22:31:54.576567 [debug] [MainThread]: Sending event: {'category': 'dbt', 'action': 'invocation', 'label': 'end', 'context': [<snowplow_tracker.self_describing_json.SelfDescribingJson object at 0x000001BBB24C7200>, <snowplow_tracker.self_describing_json.SelfDescribingJson object at 0x000001BBB30B47A0>, <snowplow_tracker.self_describing_json.SelfDescribingJson object at 0x000001BBB5F530B0>]}
[0m22:31:54.577750 [debug] [MainThread]: Flushing usage events
[0m22:31:55.959434 [debug] [MainThread]: An error was encountered while trying to flush usage events
[0m22:32:18.375118 [debug] [MainThread]: Sending event: {'category': 'dbt', 'action': 'invocation', 'label': 'start', 'context': [<snowplow_tracker.self_describing_json.SelfDescribingJson object at 0x00000265F3FDEC30>, <snowplow_tracker.self_describing_json.SelfDescribingJson object at 0x00000265F7286D20>, <snowplow_tracker.self_describing_json.SelfDescribingJson object at 0x00000265F7B37B30>]}


============================== 22:32:18.386864 | da321656-65ea-432e-a8b2-6a7025f14c03 ==============================
[0m22:32:18.386864 [info ] [MainThread]: Running with dbt=1.11.11
[0m22:32:18.386864 [debug] [MainThread]: running dbt with arguments {'static_parser': 'True', 'no_print': 'None', 'version_check': 'True', 'target_path': 'None', 'warn_error_options': 'WarnErrorOptionsV2(error=[], warn=[], silence=[])', 'printer_width': '80', 'write_json': 'True', 'empty': 'False', 'log_cache_events': 'False', 'introspect': 'True', 'cache_selected_only': 'False', 'fail_fast': 'False', 'debug': 'False', 'log_format': 'default', 'partial_parse': 'True', 'send_anonymous_usage_stats': 'True', 'quiet': 'False', 'warn_error': 'None', 'profiles_dir': 'C:\\Users\\HP\\.dbt', 'indirect_selection': 'eager', 'invocation_command': 'dbt run', 'use_colors': 'True', 'use_experimental_parser': 'False', 'log_path': 'logs'}
[0m22:32:18.386864 [error] [MainThread]: Encountered an error:
Runtime Error
  No dbt_project.yml found at expected path D:\aws_dbt_snowflake\dbt_project.yml
  Verify that each entry within packages.yml (and their transitive dependencies) contains a file named dbt_project.yml
  
[0m22:32:18.386864 [debug] [MainThread]: Command `dbt run` failed at 22:32:18.386864 after 0.13 seconds
[0m22:32:18.386864 [debug] [MainThread]: Sending event: {'category': 'dbt', 'action': 'invocation', 'label': 'end', 'context': [<snowplow_tracker.self_describing_json.SelfDescribingJson object at 0x00000265F72BBCE0>, <snowplow_tracker.self_describing_json.SelfDescribingJson object at 0x00000265F8E77B60>, <snowplow_tracker.self_describing_json.SelfDescribingJson object at 0x00000265F7286D20>]}
[0m22:32:18.386864 [debug] [MainThread]: Flushing usage events
[0m22:32:19.619589 [debug] [MainThread]: An error was encountered while trying to flush usage events
[0m23:00:21.303557 [debug] [MainThread]: Sending event: {'category': 'dbt', 'action': 'invocation', 'label': 'start', 'context': [<snowplow_tracker.self_describing_json.SelfDescribingJson object at 0x00000299EBA519A0>, <snowplow_tracker.self_describing_json.SelfDescribingJson object at 0x00000299E96EAE70>, <snowplow_tracker.self_describing_json.SelfDescribingJson object at 0x00000299ECABD2B0>]}


============================== 23:00:21.313085 | 33e22851-fa42-4a07-9c74-baf20be2aff4 ==============================
[0m23:00:21.313085 [info ] [MainThread]: Running with dbt=1.11.11
[0m23:00:21.313085 [debug] [MainThread]: running dbt with arguments {'static_parser': 'True', 'no_print': 'None', 'version_check': 'True', 'warn_error_options': 'WarnErrorOptionsV2(error=[], warn=[], silence=[])', 'target_path': 'None', 'printer_width': '80', 'write_json': 'True', 'introspect': 'True', 'log_cache_events': 'False', 'empty': 'None', 'cache_selected_only': 'False', 'log_format': 'default', 'debug': 'False', 'fail_fast': 'False', 'partial_parse': 'True', 'send_anonymous_usage_stats': 'True', 'quiet': 'False', 'warn_error': 'None', 'profiles_dir': 'C:\\Users\\HP\\.dbt', 'invocation_command': 'dbt init', 'indirect_selection': 'eager', 'use_colors': 'True', 'use_experimental_parser': 'False', 'log_path': 'logs'}
[0m23:01:04.659433 [info ] [MainThread]: A project called aws_dbt_snowflake_project already exists here.
[0m23:01:04.659433 [debug] [MainThread]: Command `dbt init` succeeded at 23:01:04.659433 after 43.58 seconds
[0m23:01:04.659433 [debug] [MainThread]: Sending event: {'category': 'dbt', 'action': 'invocation', 'label': 'end', 'context': [<snowplow_tracker.self_describing_json.SelfDescribingJson object at 0x00000299EBE15670>, <snowplow_tracker.self_describing_json.SelfDescribingJson object at 0x00000299EA029D90>, <snowplow_tracker.self_describing_json.SelfDescribingJson object at 0x00000299EA029850>]}
[0m23:01:04.659433 [debug] [MainThread]: Flushing usage events
[0m23:01:06.043355 [debug] [MainThread]: An error was encountered while trying to flush usage events
[0m23:03:38.812392 [debug] [MainThread]: Sending event: {'category': 'dbt', 'action': 'invocation', 'label': 'start', 'context': [<snowplow_tracker.self_describing_json.SelfDescribingJson object at 0x0000020143CAAEA0>, <snowplow_tracker.self_describing_json.SelfDescribingJson object at 0x0000020146ACE1E0>, <snowplow_tracker.self_describing_json.SelfDescribingJson object at 0x0000020146ACCAA0>]}


============================== 23:03:38.812392 | 62281dfa-384c-41c5-9c95-7c82cd44799d ==============================
[0m23:03:38.812392 [info ] [MainThread]: Running with dbt=1.11.11
[0m23:03:38.812392 [debug] [MainThread]: running dbt with arguments {'version_check': 'True', 'no_print': 'None', 'static_parser': 'True', 'warn_error_options': 'WarnErrorOptionsV2(error=[], warn=[], silence=[])', 'target_path': 'None', 'printer_width': '80', 'write_json': 'True', 'empty': 'False', 'log_cache_events': 'False', 'introspect': 'True', 'cache_selected_only': 'False', 'log_format': 'default', 'debug': 'False', 'fail_fast': 'False', 'profiles_dir': 'C:\\Users\\HP\\.dbt', 'send_anonymous_usage_stats': 'True', 'quiet': 'False', 'warn_error': 'None', 'partial_parse': 'True', 'indirect_selection': 'eager', 'use_colors': 'True', 'invocation_command': 'dbt run', 'use_experimental_parser': 'False', 'log_path': 'logs'}
[0m23:03:38.812392 [error] [MainThread]: Encountered an error:
Runtime Error
  No dbt_project.yml found at expected path D:\aws_dbt_snowflake\dbt_project.yml
  Verify that each entry within packages.yml (and their transitive dependencies) contains a file named dbt_project.yml
  
[0m23:03:38.812392 [debug] [MainThread]: Command `dbt run` failed at 23:03:38.812392 after 0.22 seconds
[0m23:03:38.812392 [debug] [MainThread]: Sending event: {'category': 'dbt', 'action': 'invocation', 'label': 'end', 'context': [<snowplow_tracker.self_describing_json.SelfDescribingJson object at 0x00000201433A31D0>, <snowplow_tracker.self_describing_json.SelfDescribingJson object at 0x0000020146715F40>, <snowplow_tracker.self_describing_json.SelfDescribingJson object at 0x0000020146ACD370>]}
[0m23:03:38.812392 [debug] [MainThread]: Flushing usage events
[0m23:03:45.192481 [debug] [MainThread]: An error was encountered while trying to flush usage events
[0m23:40:12.783438 [debug] [MainThread]: Sending event: {'category': 'dbt', 'action': 'invocation', 'label': 'start', 'context': [<snowplow_tracker.self_describing_json.SelfDescribingJson object at 0x00000164B304BFE0>, <snowplow_tracker.self_describing_json.SelfDescribingJson object at 0x00000164B2F4B9B0>, <snowplow_tracker.self_describing_json.SelfDescribingJson object at 0x00000164B03FB080>]}


============================== 23:40:12.787531 | f823ade3-2877-402f-98a0-f5c5e6ea3417 ==============================
[0m23:40:12.787531 [info ] [MainThread]: Running with dbt=1.11.11
[0m23:40:12.788501 [debug] [MainThread]: running dbt with arguments {'version_check': 'True', 'no_print': 'None', 'static_parser': 'True', 'warn_error_options': 'WarnErrorOptionsV2(error=[], warn=[], silence=[])', 'target_path': 'None', 'printer_width': '80', 'write_json': 'True', 'introspect': 'True', 'log_cache_events': 'False', 'empty': 'None', 'cache_selected_only': 'False', 'log_format': 'default', 'debug': 'False', 'fail_fast': 'False', 'profiles_dir': 'C:\\Users\\HP\\.dbt', 'send_anonymous_usage_stats': 'True', 'quiet': 'False', 'warn_error': 'None', 'partial_parse': 'True', 'indirect_selection': 'eager', 'invocation_command': 'dbt init', 'use_colors': 'True', 'use_experimental_parser': 'False', 'log_path': 'logs'}
[0m23:40:38.144491 [info ] [MainThread]: A project called aws_dbt_snowflake_project already exists here.
[0m23:40:38.144491 [debug] [MainThread]: Command `dbt init` succeeded at 23:40:38.144491 after 25.49 seconds
[0m23:40:38.144491 [debug] [MainThread]: Sending event: {'category': 'dbt', 'action': 'invocation', 'label': 'end', 'context': [<snowplow_tracker.self_describing_json.SelfDescribingJson object at 0x00000164B251A1E0>, <snowplow_tracker.self_describing_json.SelfDescribingJson object at 0x00000164B33230B0>, <snowplow_tracker.self_describing_json.SelfDescribingJson object at 0x00000164B2B49430>]}
[0m23:40:38.144491 [debug] [MainThread]: Flushing usage events
[0m23:40:39.464325 [debug] [MainThread]: An error was encountered while trying to flush usage events
[0m23:44:38.151811 [debug] [MainThread]: Sending event: {'category': 'dbt', 'action': 'invocation', 'label': 'start', 'context': [<snowplow_tracker.self_describing_json.SelfDescribingJson object at 0x0000017A56FCC620>, <snowplow_tracker.self_describing_json.SelfDescribingJson object at 0x0000017A54BABD70>, <snowplow_tracker.self_describing_json.SelfDescribingJson object at 0x0000017A54BABBF0>]}


============================== 23:44:38.151811 | 32fbb959-7527-4761-aea5-865a2c320803 ==============================
[0m23:44:38.151811 [info ] [MainThread]: Running with dbt=1.11.11
[0m23:44:38.151811 [debug] [MainThread]: running dbt with arguments {'static_parser': 'True', 'no_print': 'None', 'version_check': 'True', 'warn_error_options': 'WarnErrorOptionsV2(error=[], warn=[], silence=[])', 'target_path': 'None', 'printer_width': '80', 'write_json': 'True', 'introspect': 'True', 'log_cache_events': 'False', 'empty': 'False', 'cache_selected_only': 'False', 'log_format': 'default', 'debug': 'False', 'fail_fast': 'False', 'profiles_dir': 'C:\\Users\\HP\\.dbt', 'send_anonymous_usage_stats': 'True', 'quiet': 'False', 'warn_error': 'None', 'partial_parse': 'True', 'use_colors': 'True', 'indirect_selection': 'eager', 'invocation_command': 'dbt compile', 'use_experimental_parser': 'False', 'log_path': 'logs'}
[0m23:44:38.151811 [error] [MainThread]: Encountered an error:
Runtime Error
  No dbt_project.yml found at expected path D:\aws_dbt_snowflake\dbt_project.yml
  Verify that each entry within packages.yml (and their transitive dependencies) contains a file named dbt_project.yml
  
[0m23:44:38.151811 [debug] [MainThread]: Command `dbt compile` failed at 23:44:38.151811 after 0.13 seconds
[0m23:44:38.151811 [debug] [MainThread]: Sending event: {'category': 'dbt', 'action': 'invocation', 'label': 'end', 'context': [<snowplow_tracker.self_describing_json.SelfDescribingJson object at 0x0000017A5659B170>, <snowplow_tracker.self_describing_json.SelfDescribingJson object at 0x0000017A5729F800>, <snowplow_tracker.self_describing_json.SelfDescribingJson object at 0x0000017A5729D4F0>]}
[0m23:44:38.151811 [debug] [MainThread]: Flushing usage events
[0m23:44:39.455234 [debug] [MainThread]: An error was encountered while trying to flush usage events
[0m05:27:26.728547 [debug] [MainThread]: Sending event: {'category': 'dbt', 'action': 'invocation', 'label': 'start', 'context': [<snowplow_tracker.self_describing_json.SelfDescribingJson object at 0x000001B8D6FE8BF0>, <snowplow_tracker.self_describing_json.SelfDescribingJson object at 0x000001B8DA67BCE0>, <snowplow_tracker.self_describing_json.SelfDescribingJson object at 0x000001B8DA1ABEF0>]}


============================== 05:27:26.776253 | 7ee9b00c-cf31-4c3c-aeee-c10189bac157 ==============================
[0m05:27:26.776253 [info ] [MainThread]: Running with dbt=1.11.11
[0m05:27:26.791960 [debug] [MainThread]: running dbt with arguments {'static_parser': 'True', 'no_print': 'None', 'version_check': 'True', 'warn_error_options': 'WarnErrorOptionsV2(error=[], warn=[], silence=[])', 'target_path': 'None', 'printer_width': '80', 'write_json': 'True', 'introspect': 'True', 'log_cache_events': 'False', 'empty': 'False', 'cache_selected_only': 'False', 'log_format': 'default', 'debug': 'False', 'fail_fast': 'False', 'profiles_dir': 'C:\\Users\\HP\\.dbt', 'send_anonymous_usage_stats': 'True', 'quiet': 'False', 'warn_error': 'None', 'partial_parse': 'True', 'invocation_command': 'dbt run', 'indirect_selection': 'eager', 'use_colors': 'True', 'use_experimental_parser': 'False', 'log_path': 'logs'}
[0m05:27:26.791960 [error] [MainThread]: Encountered an error:
Runtime Error
  No dbt_project.yml found at expected path D:\aws_dbt_snowflake\dbt_project.yml
  Verify that each entry within packages.yml (and their transitive dependencies) contains a file named dbt_project.yml
  
[0m05:27:26.791960 [debug] [MainThread]: Command `dbt run` failed at 05:27:26.791960 after 0.31 seconds
[0m05:27:26.791960 [debug] [MainThread]: Sending event: {'category': 'dbt', 'action': 'invocation', 'label': 'end', 'context': [<snowplow_tracker.self_describing_json.SelfDescribingJson object at 0x000001B8DACDB230>, <snowplow_tracker.self_describing_json.SelfDescribingJson object at 0x000001B8DA144F20>, <snowplow_tracker.self_describing_json.SelfDescribingJson object at 0x000001B8DA146EA0>]}
[0m05:27:26.791960 [debug] [MainThread]: Flushing usage events
[0m05:27:28.563792 [debug] [MainThread]: An error was encountered while trying to flush usage events
[0m05:27:41.755852 [debug] [MainThread]: Sending event: {'category': 'dbt', 'action': 'invocation', 'label': 'start', 'context': [<snowplow_tracker.self_describing_json.SelfDescribingJson object at 0x000001FB593B79B0>, <snowplow_tracker.self_describing_json.SelfDescribingJson object at 0x000001FB55648BF0>, <snowplow_tracker.self_describing_json.SelfDescribingJson object at 0x000001FB56727E30>]}


============================== 05:27:41.766353 | 213647e2-7491-476a-84ad-0cbc7632090e ==============================
[0m05:27:41.766353 [info ] [MainThread]: Running with dbt=1.11.11
[0m05:27:41.766974 [debug] [MainThread]: running dbt with arguments {'static_parser': 'True', 'no_print': 'None', 'version_check': 'True', 'warn_error_options': 'WarnErrorOptionsV2(error=[], warn=[], silence=[])', 'target_path': 'None', 'printer_width': '80', 'write_json': 'True', 'empty': 'None', 'log_cache_events': 'False', 'introspect': 'True', 'cache_selected_only': 'False', 'fail_fast': 'False', 'debug': 'False', 'log_format': 'default', 'profiles_dir': 'C:\\Users\\HP\\.dbt', 'send_anonymous_usage_stats': 'True', 'quiet': 'False', 'warn_error': 'None', 'partial_parse': 'True', 'invocation_command': 'dbt init', 'indirect_selection': 'eager', 'use_colors': 'True', 'use_experimental_parser': 'False', 'log_path': 'logs'}
[0m05:29:44.023658 [debug] [MainThread]: Sending event: {'category': 'dbt', 'action': 'invocation', 'label': 'start', 'context': [<snowplow_tracker.self_describing_json.SelfDescribingJson object at 0x000001753D56BFB0>, <snowplow_tracker.self_describing_json.SelfDescribingJson object at 0x000001753A5B8860>, <snowplow_tracker.self_describing_json.SelfDescribingJson object at 0x000001753B8BB3B0>]}


============================== 05:29:44.349253 | ca379d32-ce3f-462b-b300-4527ec10f5b3 ==============================
[0m05:29:44.349253 [info ] [MainThread]: Running with dbt=1.11.11
[0m05:29:44.349253 [debug] [MainThread]: running dbt with arguments {'static_parser': 'True', 'no_print': 'None', 'version_check': 'True', 'warn_error_options': 'WarnErrorOptionsV2(error=[], warn=[], silence=[])', 'target_path': 'None', 'printer_width': '80', 'write_json': 'True', 'introspect': 'True', 'log_cache_events': 'False', 'empty': 'None', 'cache_selected_only': 'False', 'log_format': 'default', 'debug': 'False', 'fail_fast': 'False', 'partial_parse': 'True', 'send_anonymous_usage_stats': 'True', 'quiet': 'False', 'warn_error': 'None', 'profiles_dir': 'C:\\Users\\HP\\.dbt', 'indirect_selection': 'eager', 'use_colors': 'True', 'invocation_command': 'dbt init', 'use_experimental_parser': 'False', 'log_path': 'logs'}
[0m05:29:45.287342 [error] [MainThread]: Encountered an error:

[0m05:29:45.341856 [error] [MainThread]: Traceback (most recent call last):
  File "C:\Users\HP\AppData\Local\Programs\Python\Python312\Lib\site-packages\dbt\cli\requires.py", line 182, in wrapper
    result, success = func(*args, **kwargs)
                      ^^^^^^^^^^^^^^^^^^^^^
  File "C:\Users\HP\AppData\Local\Programs\Python\Python312\Lib\site-packages\dbt\cli\requires.py", line 128, in wrapper
    return func(*args, **kwargs)
           ^^^^^^^^^^^^^^^^^^^^^
  File "C:\Users\HP\AppData\Local\Programs\Python\Python312\Lib\site-packages\dbt\cli\main.py", line 488, in init
    results = task.run()
              ^^^^^^^^^^
  File "C:\Users\HP\AppData\Local\Programs\Python\Python312\Lib\site-packages\dbt\task\init.py", line 324, in run
    project_name = self.get_valid_project_name()
                   ^^^^^^^^^^^^^^^^^^^^^^^^^^^^^
  File "C:\Users\HP\AppData\Local\Programs\Python\Python312\Lib\site-packages\dbt\task\init.py", line 278, in get_valid_project_name
    name = click.prompt("Enter a name for your project (letters, digits, underscore)")
           ^^^^^^^^^^^^^^^^^^^^^^^^^^^^^^^^^^^^^^^^^^^^^^^^^^^^^^^^^^^^^^^^^^^^^^^^^^^
  File "C:\Users\HP\AppData\Local\Programs\Python\Python312\Lib\site-packages\click\termui.py", line 218, in prompt
    value = prompt_func(prompt)
            ^^^^^^^^^^^^^^^^^^^
  File "C:\Users\HP\AppData\Local\Programs\Python\Python312\Lib\site-packages\click\termui.py", line 201, in prompt_func
    raise Abort() from None
click.exceptions.Abort

[0m05:29:45.342984 [debug] [MainThread]: Command `dbt init` failed at 05:29:45.342984 after 1.54 seconds
[0m05:29:45.343892 [debug] [MainThread]: Sending event: {'category': 'dbt', 'action': 'invocation', 'label': 'end', 'context': [<snowplow_tracker.self_describing_json.SelfDescribingJson object at 0x000001753E27C470>, <snowplow_tracker.self_describing_json.SelfDescribingJson object at 0x000001753E196F90>, <snowplow_tracker.self_describing_json.SelfDescribingJson object at 0x000001753E55D820>]}
[0m05:29:45.343892 [debug] [MainThread]: Flushing usage events
[0m05:29:46.817326 [debug] [MainThread]: An error was encountered while trying to flush usage events
[0m05:30:27.844517 [debug] [MainThread]: Sending event: {'category': 'dbt', 'action': 'invocation', 'label': 'start', 'context': [<snowplow_tracker.self_describing_json.SelfDescribingJson object at 0x000001B6D24AFF50>, <snowplow_tracker.self_describing_json.SelfDescribingJson object at 0x000001B6D2D2FFE0>, <snowplow_tracker.self_describing_json.SelfDescribingJson object at 0x000001B6D09B04A0>]}


============================== 05:30:27.844517 | 7cd70ec1-a189-482d-a191-dc6c62806eb0 ==============================
[0m05:30:27.844517 [info ] [MainThread]: Running with dbt=1.11.11
[0m05:30:27.844517 [debug] [MainThread]: running dbt with arguments {'static_parser': 'True', 'no_print': 'None', 'version_check': 'True', 'warn_error_options': 'WarnErrorOptionsV2(error=[], warn=[], silence=[])', 'target_path': 'None', 'printer_width': '80', 'write_json': 'True', 'empty': 'None', 'log_cache_events': 'False', 'introspect': 'True', 'cache_selected_only': 'False', 'fail_fast': 'False', 'debug': 'False', 'log_format': 'default', 'profiles_dir': 'C:\\Users\\HP\\.dbt', 'send_anonymous_usage_stats': 'True', 'quiet': 'False', 'warn_error': 'None', 'partial_parse': 'True', 'use_colors': 'True', 'invocation_command': 'dbt init', 'indirect_selection': 'eager', 'use_experimental_parser': 'False', 'log_path': 'logs'}
[0m05:30:39.941546 [debug] [MainThread]: Starter project path: C:\Users\HP\AppData\Local\Programs\Python\Python312\Lib\site-packages\dbt\include\starter_project
[0m05:30:40.056490 [info ] [MainThread]: 
Your new dbt project "aws_snowflake_project" was created!

For more information on how to configure the profiles.yml file,
please consult the dbt documentation here:

  https://docs.getdbt.com/docs/configure-your-profile

One more thing:

Need help? Don't hesitate to reach out to us via GitHub issues or on Slack:

  https://community.getdbt.com/

Happy modeling!

[0m05:30:40.056490 [info ] [MainThread]: Setting up your profile.
[0m05:30:44.903777 [debug] [MainThread]: Snowflake adapter: Setting snowflake.connector to ERROR (file logging only)
[0m05:30:44.903777 [debug] [MainThread]: Snowflake adapter: Setting botocore to ERROR (file logging only)
[0m05:30:44.903777 [debug] [MainThread]: Snowflake adapter: Setting boto3 to ERROR (file logging only)
